≡ƒÅü Initiating 60-Second Micro-Amount Arbitrage Refinement Test...
node : node:events:486
At line:1 char:1
+ node scripts\run_1min.js > 
c:\pcprotocol\test.log 2>&1
+ ~~~~~~~~~~~~~~~~~~~~~~~~~~~~~~~
~~~~~~~~~~~~~~~~~~~~~~~
    + CategoryInfo          : No 
   tSpecified: (node:events:486  
  :String) [], RemoteException
    + FullyQualifiedErrorId : Na 
   tiveCommandError
 
      throw er; // Unhandled 
'error' event
      ^

Error: spawn npx ENOENT
    at 
ChildProcess._handle.onexit (node
:internal/child_process:286:19)
    at onErrorNT (node:internal/c
hild_process:484:16)
    at process.processTicksAndRej
ections (node:internal/process/ta
sk_queues:90:21)
Emitted 'error' event on 
ChildProcess instance at:
    at 
ChildProcess._handle.onexit (node
:internal/child_process:292:12)
    at onErrorNT (node:internal/c
hild_process:484:16)
    at process.processTicksAndRej
ections (node:internal/process/ta
sk_queues:90:21) {
  errno: -4058,
  code: 'ENOENT',
  syscall: 'spawn npx',
  path: 'npx',
  spawnargs: [ 'ts-node', 
'src/index.ts' ]
}

Node.js v24.14.0
